3D CHROMOSOME MODELING BY PIOGEN
Conversion factor: 0.4
Spearman: 0.5236637190203117
Pearson: 0.5466442760481878
RMSE: 2488.8782803918266
